[[1;34mINFO[m] Scanning for projects...
[[1;34mINFO[m] 
[[1;34mINFO[m] [1m------------< [0;36mio.github.hiwepy:zxing-spring-boot-starter[0;1m >-------------[m
[[1;34mINFO[m] [1mBuilding io.github.hiwepy:zxing-spring-boot-starter 2.3.x.20240903-SNAPSHOT[m
[[1;34mINFO[m] [1m--------------------------------[ jar ]---------------------------------[m
[[1;34mINFO[m] 
[[1;34mINFO[m] [1m--- [0;32mmaven-clean-plugin:3.1.0:clean[m [1m(default-clean)[m @ [36mzxing-spring-boot-starter[0;1m ---[m
[[1;34mINFO[m] Deleting /Users/wandl/workspaces/workspace-ddd4j/workspace-ddd4j-boot-starters/zxing-spring-boot-starter/target
[[1;34mINFO[m] 
[[1;34mINFO[m] [1m--- [0;32mmaven-enforcer-plugin:3.0.0-M3:enforce[m [1m(default-cli)[m @ [36mzxing-spring-boot-starter[0;1m ---[m
[[1;34mINFO[m] 
[[1;34mINFO[m] [1m--- [0;32mmaven-resources-plugin:3.1.0:resources[m [1m(default-resources)[m @ [36mzxing-spring-boot-starter[0;1m ---[m
[[1;34mINFO[m] Using 'UTF-8' encoding to copy filtered resources.
[[1;34mINFO[m] Copying 0 resource
[[1;34mINFO[m] Copying 2 resources
[[1;34mINFO[m] 
[[1;34mINFO[m] [1m--- [0;32mmaven-compiler-plugin:3.8.1:compile[m [1m(default-compile)[m @ [36mzxing-spring-boot-starter[0;1m ---[m
[[1;34mINFO[m] Changes detected - recompiling the module!
[[1;34mINFO[m] Compiling 11 source files to /Users/wandl/workspaces/workspace-ddd4j/workspace-ddd4j-boot-starters/zxing-spring-boot-starter/target/classes
[[1;34mINFO[m] [1m------------------------------------------------------------------------[m
[[1;34mINFO[m] [1;31mBUILD FAILURE[m
[[1;34mINFO[m] [1m------------------------------------------------------------------------[m
[[1;34mINFO[m] Total time:  0.721 s
[[1;34mINFO[m] Finished at: 2026-03-16T14:22:30+08:00
[[1;34mINFO[m] [1m------------------------------------------------------------------------[m
[[1;31mERROR[m] Failed to execute goal [32morg.apache.maven.plugins:maven-compiler-plugin:3.8.1:compile[m [1m(default-compile)[m on project [36mzxing-spring-boot-starter[m: [1;31mFatal error compiling[m: java.lang.IllegalAccessError: class lombok.javac.apt.LombokProcessor (in unnamed module @0x55d8c2c4) cannot access class com.sun.tools.javac.processing.JavacProcessingEnvironment (in module jdk.compiler) because module jdk.compiler does not export com.sun.tools.javac.processing to unnamed module @0x55d8c2c4 -> [1m[Help 1][m
[[1;31mERROR[m] 
[[1;31mERROR[m] To see the full stack trace of the errors, re-run Maven with the [1m-e[m switch.
[[1;31mERROR[m] Re-run Maven using the [1m-X[m switch to enable full debug logging.
[[1;31mERROR[m] 
[[1;31mERROR[m] For more information about the errors and possible solutions, please read the following articles:
[[1;31mERROR[m] [1m[Help 1][m http://cwiki.apache.org/confluence/display/MAVEN/MojoExecutionException
[zxing-spring-boot-starter/2.3.x] 失败 - 查看日志
[[1;34mINFO[m] Scanning for projects...
[[1;34mINFO[m] 
[[1;34mINFO[m] [1m------------< [0;36mio.github.hiwepy:zxing-spring-boot-starter[0;1m >-------------[m
[[1;34mINFO[m] [1mBuilding io.github.hiwepy:zxing-spring-boot-starter 2.7.x.20240823.RELEASE[m
[[1;34mINFO[m] [1m--------------------------------[ jar ]---------------------------------[m
[[1;34mINFO[m] 
[[1;34mINFO[m] [1m--- [0;32mmaven-clean-plugin:3.2.0:clean[m [1m(default-clean)[m @ [36mzxing-spring-boot-starter[0;1m ---[m
[[1;34mINFO[m] Deleting /Users/wandl/workspaces/workspace-ddd4j/workspace-ddd4j-boot-starters/zxing-spring-boot-starter/target
[[1;34mINFO[m] 
[[1;34mINFO[m] [1m--- [0;32mmaven-enforcer-plugin:3.0.0:enforce[m [1m(default-cli)[m @ [36mzxing-spring-boot-starter[0;1m ---[m
[[1;34mINFO[m] 
[[1;34mINFO[m] [1m--- [0;32mmaven-resources-plugin:3.1.0:resources[m [1m(default-resources)[m @ [36mzxing-spring-boot-starter[0;1m ---[m
[[1;34mINFO[m] Using 'UTF-8' encoding to copy filtered resources.
[[1;34mINFO[m] Copying 0 resource
[[1;34mINFO[m] Copying 3 resources
[[1;34mINFO[m] 
[[1;34mINFO[m] [1m--- [0;32mmaven-compiler-plugin:3.10.1:compile[m [1m(default-compile)[m @ [36mzxing-spring-boot-starter[0;1m ---[m
[[1;34mINFO[m] Changes detected - recompiling the module!
[[1;34mINFO[m] Compiling 11 source files to /Users/wandl/workspaces/workspace-ddd4j/workspace-ddd4j-boot-starters/zxing-spring-boot-starter/target/classes
[[1;34mINFO[m] 
[[1;34mINFO[m] [1m--- [0;32mmaven-resources-plugin:3.1.0:testResources[m [1m(default-testResources)[m @ [36mzxing-spring-boot-starter[0;1m ---[m
[[1;34mINFO[m] Not copying test resources
[[1;34mINFO[m] 
[[1;34mINFO[m] [1m--- [0;32mmaven-compiler-plugin:3.10.1:testCompile[m [1m(default-testCompile)[m @ [36mzxing-spring-boot-starter[0;1m ---[m
[[1;34mINFO[m] Not compiling test sources
[[1;34mINFO[m] 
[[1;34mINFO[m] [1m--- [0;32mmaven-surefire-plugin:2.22.1:test[m [1m(default-test)[m @ [36mzxing-spring-boot-starter[0;1m ---[m
[[1;34mINFO[m] Tests are skipped.
[[1;34mINFO[m] 
[[1;34mINFO[m] [1m--- [0;32mmaven-jar-plugin:3.1.1:jar[m [1m(default-jar)[m @ [36mzxing-spring-boot-starter[0;1m ---[m
[[1;34mINFO[m] Building jar: /Users/wandl/workspaces/workspace-ddd4j/workspace-ddd4j-boot-starters/zxing-spring-boot-starter/target/zxing-spring-boot-starter-2.7.x.20240823.RELEASE.jar
[[1;34mINFO[m] 
[[1;34mINFO[m] [1m--- [0;32mmaven-source-plugin:3.2.1:jar-no-fork[m [1m(attach-sources)[m @ [36mzxing-spring-boot-starter[0;1m ---[m
[[1;34mINFO[m] Building jar: /Users/wandl/workspaces/workspace-ddd4j/workspace-ddd4j-boot-starters/zxing-spring-boot-starter/target/zxing-spring-boot-starter-2.7.x.20240823.RELEASE-sources.jar
[[1;34mINFO[m] 
[[1;34mINFO[m] [1m--- [0;32mmaven-install-plugin:2.5.2:install[m [1m(default-install)[m @ [36mzxing-spring-boot-starter[0;1m ---[m
[[1;34mINFO[m] Installing /Users/wandl/workspaces/workspace-ddd4j/workspace-ddd4j-boot-starters/zxing-spring-boot-starter/target/zxing-spring-boot-starter-2.7.x.20240823.RELEASE.jar to /Users/wandl/.m2/repository/com/github/hiwepy/zxing-spring-boot-starter/2.7.x.20240823.RELEASE/zxing-spring-boot-starter-2.7.x.20240823.RELEASE.jar
[[1;34mINFO[m] Installing /Users/wandl/workspaces/workspace-ddd4j/workspace-ddd4j-boot-starters/zxing-spring-boot-starter/pom.xml to /Users/wandl/.m2/repository/com/github/hiwepy/zxing-spring-boot-starter/2.7.x.20240823.RELEASE/zxing-spring-boot-starter-2.7.x.20240823.RELEASE.pom
[[1;34mINFO[m] Installing /Users/wandl/workspaces/workspace-ddd4j/workspace-ddd4j-boot-starters/zxing-spring-boot-starter/target/zxing-spring-boot-starter-2.7.x.20240823.RELEASE-sources.jar to /Users/wandl/.m2/repository/com/github/hiwepy/zxing-spring-boot-starter/2.7.x.20240823.RELEASE/zxing-spring-boot-starter-2.7.x.20240823.RELEASE-sources.jar
[[1;34mINFO[m] 
[[1;34mINFO[m] [1m--- [0;32mmaven-deploy-plugin:2.8.2:deploy[m [1m(default-deploy)[m @ [36mzxing-spring-boot-starter[0;1m ---[m
[[1;34mINFO[m] Using alternate deployment repository maven-releases::default::https://packages.aliyun.com/5fdc0afd99b59ba3c5ead757/maven/maven-releases
Uploading to maven-releases: https://packages.aliyun.com/5fdc0afd99b59ba3c5ead757/maven/maven-releases/com/github/hiwepy/zxing-spring-boot-starter/2.7.x.20240823.RELEASE/zxing-spring-boot-starter-2.7.x.20240823.RELEASE.jar
Progress (1): 4.1/28 kB
Progress (1): 8.2/28 kB
Progress (1): 12/28 kB 
Progress (1): 16/28 kB
Progress (1): 20/28 kB
Progress (1): 25/28 kB
Progress (1): 28 kB   
                   
Uploaded to maven-releases: https://packages.aliyun.com/5fdc0afd99b59ba3c5ead757/maven/maven-releases/com/github/hiwepy/zxing-spring-boot-starter/2.7.x.20240823.RELEASE/zxing-spring-boot-starter-2.7.x.20240823.RELEASE.jar (28 kB at 18 kB/s)
Uploading to maven-releases: https://packages.aliyun.com/5fdc0afd99b59ba3c5ead757/maven/maven-releases/com/github/hiwepy/zxing-spring-boot-starter/2.7.x.20240823.RELEASE/zxing-spring-boot-starter-2.7.x.20240823.RELEASE.pom
Progress (1): 4.1/18 kB
Progress (1): 8.2/18 kB
Progress (1): 12/18 kB 
Progress (1): 16/18 kB
Progress (1): 18 kB   
                   
Uploaded to maven-releases: https://packages.aliyun.com/5fdc0afd99b59ba3c5ead757/maven/maven-releases/com/github/hiwepy/zxing-spring-boot-starter/2.7.x.20240823.RELEASE/zxing-spring-boot-starter-2.7.x.20240823.RELEASE.pom (18 kB at 17 kB/s)
Downloading from maven-releases: https://packages.aliyun.com/5fdc0afd99b59ba3c5ead757/maven/maven-releases/com/github/hiwepy/zxing-spring-boot-starter/maven-metadata.xml
Uploading to maven-releases: https://packages.aliyun.com/5fdc0afd99b59ba3c5ead757/maven/maven-releases/com/github/hiwepy/zxing-spring-boot-starter/maven-metadata.xml
Progress (1): 356 B
                   
Uploaded to maven-releases: https://packages.aliyun.com/5fdc0afd99b59ba3c5ead757/maven/maven-releases/com/github/hiwepy/zxing-spring-boot-starter/maven-metadata.xml (356 B at 294 B/s)
Uploading to maven-releases: https://packages.aliyun.com/5fdc0afd99b59ba3c5ead757/maven/maven-releases/com/github/hiwepy/zxing-spring-boot-starter/2.7.x.20240823.RELEASE/zxing-spring-boot-starter-2.7.x.20240823.RELEASE-sources.jar
Progress (1): 4.1/24 kB
Progress (1): 8.2/24 kB
Progress (1): 12/24 kB 
Progress (1): 16/24 kB
Progress (1): 20/24 kB
Progress (1): 24 kB   
                   
Uploaded to maven-releases: https://packages.aliyun.com/5fdc0afd99b59ba3c5ead757/maven/maven-releases/com/github/hiwepy/zxing-spring-boot-starter/2.7.x.20240823.RELEASE/zxing-spring-boot-starter-2.7.x.20240823.RELEASE-sources.jar (24 kB at 22 kB/s)
[[1;34mINFO[m] [1m------------------------------------------------------------------------[m
[[1;34mINFO[m] [1;32mBUILD SUCCESS[m
[[1;34mINFO[m] [1m------------------------------------------------------------------------[m
[[1;34mINFO[m] Total time:  6.285 s
[[1;34mINFO[m] Finished at: 2026-03-16T14:22:37+08:00
[[1;34mINFO[m] [1m------------------------------------------------------------------------[m
[zxing-spring-boot-starter/2.7.x] 成功
[[1;34mINFO[m] Scanning for projects...
[[1;34mINFO[m] 
[[1;34mINFO[m] [1m------------< [0;36mio.github.hiwepy:zxing-spring-boot-starter[0;1m >-------------[m
[[1;34mINFO[m] [1mBuilding io.github.hiwepy:zxing-spring-boot-starter 3.0.x.20251227-SNAPSHOT[m
[[1;34mINFO[m] [1m--------------------------------[ jar ]---------------------------------[m
[[1;34mINFO[m] 
[[1;34mINFO[m] [1m--- [0;32mmaven-clean-plugin:3.4.0:clean[m [1m(default-clean)[m @ [36mzxing-spring-boot-starter[0;1m ---[m
[[1;34mINFO[m] Deleting /Users/wandl/workspaces/workspace-ddd4j/workspace-ddd4j-boot-starters/zxing-spring-boot-starter/target
[[1;34mINFO[m] 
[[1;34mINFO[m] [1m--- [0;32mmaven-enforcer-plugin:3.5.0:enforce[m [1m(default-cli)[m @ [36mzxing-spring-boot-starter[0;1m ---[m
[[1;34mINFO[m] Rule 1: org.apache.maven.enforcer.rules.version.RequireJavaVersion passed
[[1;34mINFO[m] [1m------------------------------------------------------------------------[m
[[1;34mINFO[m] [1;31mBUILD FAILURE[m
[[1;34mINFO[m] [1m------------------------------------------------------------------------[m
[[1;34mINFO[m] Total time:  0.344 s
[[1;34mINFO[m] Finished at: 2026-03-16T14:22:38+08:00
[[1;34mINFO[m] [1m------------------------------------------------------------------------[m
[[1;31mERROR[m] Failed to execute goal [32morg.apache.maven.plugins:maven-enforcer-plugin:3.5.0:enforce[m [1m(default-cli)[m on project [36mzxing-spring-boot-starter[m: [1;31m[m
[[1;31mERROR[m] [1;31mRule 0: org.apache.maven.enforcer.rules.version.RequireMavenVersion failed with message:[m
[[1;31mERROR[m] [1;31mYou are running an older version of Maven. This application requires at least Maven 3.9.9.[m
[[1;31mERROR[m] -> [1m[Help 1][m
[[1;31mERROR[m] 
[[1;31mERROR[m] To see the full stack trace of the errors, re-run Maven with the [1m-e[m switch.
[[1;31mERROR[m] Re-run Maven using the [1m-X[m switch to enable full debug logging.
[[1;31mERROR[m] 
[[1;31mERROR[m] For more information about the errors and possible solutions, please read the following articles:
[[1;31mERROR[m] [1m[Help 1][m http://cwiki.apache.org/confluence/display/MAVEN/MojoExecutionException
[zxing-spring-boot-starter/3.0.x] 失败 - 查看日志
[[1;34mINFO[m] Scanning for projects...
[[1;34mINFO[m] 
[[1;34mINFO[m] [1m------------< [0;36mio.github.hiwepy:zxing-spring-boot-starter[0;1m >-------------[m
[[1;34mINFO[m] [1mBuilding io.github.hiwepy:zxing-spring-boot-starter 3.1.x.20251227-SNAPSHOT[m
[[1;34mINFO[m] [1m--------------------------------[ jar ]---------------------------------[m
[[1;34mINFO[m] 
[[1;34mINFO[m] [1m--- [0;32mmaven-clean-plugin:3.4.0:clean[m [1m(default-clean)[m @ [36mzxing-spring-boot-starter[0;1m ---[m
[[1;34mINFO[m] 
[[1;34mINFO[m] [1m--- [0;32mmaven-enforcer-plugin:3.5.0:enforce[m [1m(default-cli)[m @ [36mzxing-spring-boot-starter[0;1m ---[m
[[1;34mINFO[m] Rule 1: org.apache.maven.enforcer.rules.version.RequireJavaVersion passed
[[1;34mINFO[m] [1m------------------------------------------------------------------------[m
[[1;34mINFO[m] [1;31mBUILD FAILURE[m
[[1;34mINFO[m] [1m------------------------------------------------------------------------[m
[[1;34mINFO[m] Total time:  0.437 s
[[1;34mINFO[m] Finished at: 2026-03-16T14:22:39+08:00
[[1;34mINFO[m] [1m------------------------------------------------------------------------[m
[[1;31mERROR[m] Failed to execute goal [32morg.apache.maven.plugins:maven-enforcer-plugin:3.5.0:enforce[m [1m(default-cli)[m on project [36mzxing-spring-boot-starter[m: [1;31m[m
[[1;31mERROR[m] [1;31mRule 0: org.apache.maven.enforcer.rules.version.RequireMavenVersion failed with message:[m
[[1;31mERROR[m] [1;31mYou are running an older version of Maven. This application requires at least Maven 3.9.9.[m
[[1;31mERROR[m] -> [1m[Help 1][m
[[1;31mERROR[m] 
[[1;31mERROR[m] To see the full stack trace of the errors, re-run Maven with the [1m-e[m switch.
[[1;31mERROR[m] Re-run Maven using the [1m-X[m switch to enable full debug logging.
[[1;31mERROR[m] 
[[1;31mERROR[m] For more information about the errors and possible solutions, please read the following articles:
[[1;31mERROR[m] [1m[Help 1][m http://cwiki.apache.org/confluence/display/MAVEN/MojoExecutionException
[zxing-spring-boot-starter/3.1.x] 失败 - 查看日志
[[1;34mINFO[m] Scanning for projects...
[[1;34mINFO[m] 
[[1;34mINFO[m] [1m------------< [0;36mio.github.hiwepy:zxing-spring-boot-starter[0;1m >-------------[m
[[1;34mINFO[m] [1mBuilding io.github.hiwepy:zxing-spring-boot-starter 3.2.x.20251227-SNAPSHOT[m
[[1;34mINFO[m] [1m--------------------------------[ jar ]---------------------------------[m
[[1;34mINFO[m] 
[[1;34mINFO[m] [1m--- [0;32mmaven-clean-plugin:3.4.0:clean[m [1m(default-clean)[m @ [36mzxing-spring-boot-starter[0;1m ---[m
[[1;34mINFO[m] 
[[1;34mINFO[m] [1m--- [0;32mmaven-enforcer-plugin:3.5.0:enforce[m [1m(default-cli)[m @ [36mzxing-spring-boot-starter[0;1m ---[m
[[1;34mINFO[m] Rule 1: org.apache.maven.enforcer.rules.version.RequireJavaVersion passed
[[1;34mINFO[m] [1m------------------------------------------------------------------------[m
[[1;34mINFO[m] [1;31mBUILD FAILURE[m
[[1;34mINFO[m] [1m------------------------------------------------------------------------[m
[[1;34mINFO[m] Total time:  0.401 s
[[1;34mINFO[m] Finished at: 2026-03-16T14:22:40+08:00
[[1;34mINFO[m] [1m------------------------------------------------------------------------[m
[[1;31mERROR[m] Failed to execute goal [32morg.apache.maven.plugins:maven-enforcer-plugin:3.5.0:enforce[m [1m(default-cli)[m on project [36mzxing-spring-boot-starter[m: [1;31m[m
[[1;31mERROR[m] [1;31mRule 0: org.apache.maven.enforcer.rules.version.RequireMavenVersion failed with message:[m
[[1;31mERROR[m] [1;31mYou are running an older version of Maven. This application requires at least Maven 3.9.9.[m
[[1;31mERROR[m] -> [1m[Help 1][m
[[1;31mERROR[m] 
[[1;31mERROR[m] To see the full stack trace of the errors, re-run Maven with the [1m-e[m switch.
[[1;31mERROR[m] Re-run Maven using the [1m-X[m switch to enable full debug logging.
[[1;31mERROR[m] 
[[1;31mERROR[m] For more information about the errors and possible solutions, please read the following articles:
[[1;31mERROR[m] [1m[Help 1][m http://cwiki.apache.org/confluence/display/MAVEN/MojoExecutionException
[zxing-spring-boot-starter/3.2.x] 失败 - 查看日志
[[1;34mINFO[m] Scanning for projects...
[[1;34mINFO[m] 
[[1;34mINFO[m] [1m------------< [0;36mio.github.hiwepy:zxing-spring-boot-starter[0;1m >-------------[m
[[1;34mINFO[m] [1mBuilding io.github.hiwepy:zxing-spring-boot-starter 3.3.x.20251227-SNAPSHOT[m
[[1;34mINFO[m] [1m--------------------------------[ jar ]---------------------------------[m
[[1;34mINFO[m] 
[[1;34mINFO[m] [1m--- [0;32mmaven-clean-plugin:3.4.0:clean[m [1m(default-clean)[m @ [36mzxing-spring-boot-starter[0;1m ---[m
[[1;34mINFO[m] 
[[1;34mINFO[m] [1m--- [0;32mmaven-enforcer-plugin:3.5.0:enforce[m [1m(default-cli)[m @ [36mzxing-spring-boot-starter[0;1m ---[m
[[1;34mINFO[m] Rule 1: org.apache.maven.enforcer.rules.version.RequireJavaVersion passed
[[1;34mINFO[m] [1m------------------------------------------------------------------------[m
[[1;34mINFO[m] [1;31mBUILD FAILURE[m
[[1;34mINFO[m] [1m------------------------------------------------------------------------[m
[[1;34mINFO[m] Total time:  0.728 s
[[1;34mINFO[m] Finished at: 2026-03-16T14:22:41+08:00
[[1;34mINFO[m] [1m------------------------------------------------------------------------[m
[[1;31mERROR[m] Failed to execute goal [32morg.apache.maven.plugins:maven-enforcer-plugin:3.5.0:enforce[m [1m(default-cli)[m on project [36mzxing-spring-boot-starter[m: [1;31m[m
[[1;31mERROR[m] [1;31mRule 0: org.apache.maven.enforcer.rules.version.RequireMavenVersion failed with message:[m
[[1;31mERROR[m] [1;31mYou are running an older version of Maven. This application requires at least Maven 3.9.9.[m
[[1;31mERROR[m] -> [1m[Help 1][m
[[1;31mERROR[m] 
[[1;31mERROR[m] To see the full stack trace of the errors, re-run Maven with the [1m-e[m switch.
[[1;31mERROR[m] Re-run Maven using the [1m-X[m switch to enable full debug logging.
[[1;31mERROR[m] 
[[1;31mERROR[m] For more information about the errors and possible solutions, please read the following articles:
[[1;31mERROR[m] [1m[Help 1][m http://cwiki.apache.org/confluence/display/MAVEN/MojoExecutionException
[zxing-spring-boot-starter/3.3.x] 失败 - 查看日志
[[1;34mINFO[m] Scanning for projects...
[[1;34mINFO[m] 
[[1;34mINFO[m] [1m------------< [0;36mio.github.hiwepy:zxing-spring-boot-starter[0;1m >-------------[m
[[1;34mINFO[m] [1mBuilding io.github.hiwepy:zxing-spring-boot-starter 3.4.x.20251227-SNAPSHOT[m
[[1;34mINFO[m] [1m--------------------------------[ jar ]---------------------------------[m
[[1;34mINFO[m] 
[[1;34mINFO[m] [1m--- [0;32mmaven-clean-plugin:3.4.0:clean[m [1m(default-clean)[m @ [36mzxing-spring-boot-starter[0;1m ---[m
[[1;34mINFO[m] 
[[1;34mINFO[m] [1m--- [0;32mmaven-enforcer-plugin:3.5.0:enforce[m [1m(default-cli)[m @ [36mzxing-spring-boot-starter[0;1m ---[m
[[1;34mINFO[m] Rule 1: org.apache.maven.enforcer.rules.version.RequireJavaVersion passed
[[1;34mINFO[m] [1m------------------------------------------------------------------------[m
[[1;34mINFO[m] [1;31mBUILD FAILURE[m
[[1;34mINFO[m] [1m------------------------------------------------------------------------[m
[[1;34mINFO[m] Total time:  0.734 s
[[1;34mINFO[m] Finished at: 2026-03-16T14:22:43+08:00
[[1;34mINFO[m] [1m------------------------------------------------------------------------[m
[[1;31mERROR[m] Failed to execute goal [32morg.apache.maven.plugins:maven-enforcer-plugin:3.5.0:enforce[m [1m(default-cli)[m on project [36mzxing-spring-boot-starter[m: [1;31m[m
[[1;31mERROR[m] [1;31mRule 0: org.apache.maven.enforcer.rules.version.RequireMavenVersion failed with message:[m
[[1;31mERROR[m] [1;31mYou are running an older version of Maven. This application requires at least Maven 3.9.9.[m
[[1;31mERROR[m] -> [1m[Help 1][m
[[1;31mERROR[m] 
[[1;31mERROR[m] To see the full stack trace of the errors, re-run Maven with the [1m-e[m switch.
[[1;31mERROR[m] Re-run Maven using the [1m-X[m switch to enable full debug logging.
[[1;31mERROR[m] 
[[1;31mERROR[m] For more information about the errors and possible solutions, please read the following articles:
[[1;31mERROR[m] [1m[Help 1][m http://cwiki.apache.org/confluence/display/MAVEN/MojoExecutionException
[zxing-spring-boot-starter/3.4.x] 失败 - 查看日志
[[1;34mINFO[m] Scanning for projects...
[[1;34mINFO[m] 
[[1;34mINFO[m] [1m------------< [0;36mio.github.hiwepy:zxing-spring-boot-starter[0;1m >-------------[m
[[1;34mINFO[m] [1mBuilding io.github.hiwepy:zxing-spring-boot-starter 3.5.x.20251227-SNAPSHOT[m
[[1;34mINFO[m] [1m--------------------------------[ jar ]---------------------------------[m
[[1;34mINFO[m] 
[[1;34mINFO[m] [1m--- [0;32mmaven-clean-plugin:3.4.0:clean[m [1m(default-clean)[m @ [36mzxing-spring-boot-starter[0;1m ---[m
[[1;34mINFO[m] 
[[1;34mINFO[m] [1m--- [0;32mmaven-enforcer-plugin:3.5.0:enforce[m [1m(default-cli)[m @ [36mzxing-spring-boot-starter[0;1m ---[m
[[1;34mINFO[m] Rule 1: org.apache.maven.enforcer.rules.version.RequireJavaVersion passed
[[1;34mINFO[m] [1m------------------------------------------------------------------------[m
[[1;34mINFO[m] [1;31mBUILD FAILURE[m
[[1;34mINFO[m] [1m------------------------------------------------------------------------[m
[[1;34mINFO[m] Total time:  0.523 s
[[1;34mINFO[m] Finished at: 2026-03-16T14:22:44+08:00
[[1;34mINFO[m] [1m------------------------------------------------------------------------[m
[[1;31mERROR[m] Failed to execute goal [32morg.apache.maven.plugins:maven-enforcer-plugin:3.5.0:enforce[m [1m(default-cli)[m on project [36mzxing-spring-boot-starter[m: [1;31m[m
[[1;31mERROR[m] [1;31mRule 0: org.apache.maven.enforcer.rules.version.RequireMavenVersion failed with message:[m
[[1;31mERROR[m] [1;31mYou are running an older version of Maven. This application requires at least Maven 3.9.9.[m
[[1;31mERROR[m] -> [1m[Help 1][m
[[1;31mERROR[m] 
[[1;31mERROR[m] To see the full stack trace of the errors, re-run Maven with the [1m-e[m switch.
[[1;31mERROR[m] Re-run Maven using the [1m-X[m switch to enable full debug logging.
[[1;31mERROR[m] 
[[1;31mERROR[m] For more information about the errors and possible solutions, please read the following articles:
[[1;31mERROR[m] [1m[Help 1][m http://cwiki.apache.org/confluence/display/MAVEN/MojoExecutionException
[zxing-spring-boot-starter/3.5.x] 失败 - 查看日志
[[1;34mINFO[m] Scanning for projects...
[[1;34mINFO[m] 
[[1;34mINFO[m] [1m------------< [0;36mio.github.hiwepy:zxing-spring-boot-starter[0;1m >-------------[m
[[1;34mINFO[m] [1mBuilding io.github.hiwepy:zxing-spring-boot-starter 4.0.x.20251227-SNAPSHOT[m
[[1;34mINFO[m] [1m--------------------------------[ jar ]---------------------------------[m
[[1;34mINFO[m] 
[[1;34mINFO[m] [1m--- [0;32mmaven-clean-plugin:3.4.0:clean[m [1m(default-clean)[m @ [36mzxing-spring-boot-starter[0;1m ---[m
[[1;34mINFO[m] 
[[1;34mINFO[m] [1m--- [0;32mmaven-enforcer-plugin:3.5.0:enforce[m [1m(default-cli)[m @ [36mzxing-spring-boot-starter[0;1m ---[m
[[1;34mINFO[m] Rule 1: org.apache.maven.enforcer.rules.version.RequireJavaVersion passed
[[1;34mINFO[m] [1m------------------------------------------------------------------------[m
[[1;34mINFO[m] [1;31mBUILD FAILURE[m
[[1;34mINFO[m] [1m------------------------------------------------------------------------[m
[[1;34mINFO[m] Total time:  1.115 s
[[1;34mINFO[m] Finished at: 2026-03-16T14:22:46+08:00
[[1;34mINFO[m] [1m------------------------------------------------------------------------[m
[[1;31mERROR[m] Failed to execute goal [32morg.apache.maven.plugins:maven-enforcer-plugin:3.5.0:enforce[m [1m(default-cli)[m on project [36mzxing-spring-boot-starter[m: [1;31m[m
[[1;31mERROR[m] [1;31mRule 0: org.apache.maven.enforcer.rules.version.RequireMavenVersion failed with message:[m
[[1;31mERROR[m] [1;31mYou are running an older version of Maven. This application requires at least Maven 3.9.9.[m
[[1;31mERROR[m] -> [1m[Help 1][m
[[1;31mERROR[m] 
[[1;31mERROR[m] To see the full stack trace of the errors, re-run Maven with the [1m-e[m switch.
[[1;31mERROR[m] Re-run Maven using the [1m-X[m switch to enable full debug logging.
[[1;31mERROR[m] 
[[1;31mERROR[m] For more information about the errors and possible solutions, please read the following articles:
[[1;31mERROR[m] [1m[Help 1][m http://cwiki.apache.org/confluence/display/MAVEN/MojoExecutionException
[zxing-spring-boot-starter/4.0.x] 失败 - 查看日志
[[1;34mINFO[m] Scanning for projects...
[[1;34mINFO[m] 
[[1;34mINFO[m] [1m------------< [0;36mio.github.hiwepy:zxing-spring-boot-starter[0;1m >-------------[m
[[1;34mINFO[m] [1mBuilding io.github.hiwepy:zxing-spring-boot-starter 2.0.1-SNAPSHOT[m
[[1;34mINFO[m] [1m--------------------------------[ jar ]---------------------------------[m
Downloading from aiban-tianyin-core: https://aiban-maven.pkg.coding.net/repository/tianyin/core/org/apache/commons/commons-text/1.1/commons-text-1.1.pom
Progress (1): 3.8 kB
Progress (1): 7.9 kB
Progress (1): 12 kB 
Progress (1): 15 kB
                   
Downloaded from aiban-tianyin-core: https://aiban-maven.pkg.coding.net/repository/tianyin/core/org/apache/commons/commons-text/1.1/commons-text-1.1.pom (15 kB at 19 kB/s)
Downloading from aiban-tianyin-core: https://aiban-maven.pkg.coding.net/repository/tianyin/core/net/coobird/thumbnailator/0.4.17/thumbnailator-0.4.17.pom
Progress (1): 3.8/9.2 kB
Progress (1): 7.9/9.2 kB
Progress (1): 9.2 kB    
                    
Downloaded from aiban-tianyin-core: https://aiban-maven.pkg.coding.net/repository/tianyin/core/net/coobird/thumbnailator/0.4.17/thumbnailator-0.4.17.pom (9.2 kB at 28 kB/s)
Downloading from aiban-tianyin-core: https://aiban-maven.pkg.coding.net/repository/tianyin/core/com/google/zxing/core/3.5.0/core-3.5.0.pom
Progress (1): 2.6 kB
Progress (1): 2.8 kB
                    
Downloaded from aiban-tianyin-core: https://aiban-maven.pkg.coding.net/repository/tianyin/core/com/google/zxing/core/3.5.0/core-3.5.0.pom (2.8 kB at 9.5 kB/s)
Downloading from aiban-tianyin-core: https://aiban-maven.pkg.coding.net/repository/tianyin/core/com/google/zxing/zxing-parent/3.5.0/zxing-parent-3.5.0.pom
Progress (1): 2.6 kB
Progress (1): 6.7 kB
Progress (1): 11 kB 
Progress (1): 14 kB
Progress (1): 16 kB
Progress (1): 21 kB
Progress (1): 25 kB
Progress (1): 28 kB
                   
Downloaded from aiban-tianyin-core: https://aiban-maven.pkg.coding.net/repository/tianyin/core/com/google/zxing/zxing-parent/3.5.0/zxing-parent-3.5.0.pom (28 kB at 76 kB/s)
Downloading from aiban-tianyin-core: https://aiban-maven.pkg.coding.net/repository/tianyin/core/com/google/zxing/javase/3.5.0/javase-3.5.0.pom
Progress (1): 2.6 kB
Progress (1): 2.7 kB
                    
Downloaded from aiban-tianyin-core: https://aiban-maven.pkg.coding.net/repository/tianyin/core/com/google/zxing/javase/3.5.0/javase-3.5.0.pom (2.7 kB at 6.6 kB/s)
Downloading from aiban-tianyin-core: https://aiban-maven.pkg.coding.net/repository/tianyin/core/org/apache/commons/commons-text/1.1/commons-text-1.1.jar
Downloading from aiban-tianyin-core: https://aiban-maven.pkg.coding.net/repository/tianyin/core/net/coobird/thumbnailator/0.4.17/thumbnailator-0.4.17.jar
Downloading from aiban-tianyin-core: https://aiban-maven.pkg.coding.net/repository/tianyin/core/com/google/zxing/core/3.5.0/core-3.5.0.jar
Downloading from aiban-tianyin-core: https://aiban-maven.pkg.coding.net/repository/tianyin/core/com/google/zxing/javase/3.5.0/javase-3.5.0.jar
Progress (1): 4.0 kB
Progress (1): 8.1 kB
Progress (1): 12 kB 
Progress (1): 16 kB
Progress (1): 20 kB
Progress (2): 20 kB | 3.8 kB
Progress (2): 20 kB | 7.9 kB
Progress (2): 24 kB | 7.9 kB
Progress (2): 24 kB | 12 kB 
Progress (2): 27 kB | 12 kB
Progress (2): 30 kB | 12 kB
Progress (2): 33 kB | 12 kB
Progress (2): 35 kB | 12 kB
Progress (2): 39 kB | 12 kB
Progress (2): 39 kB | 16 kB
Progress (2): 39 kB | 20 kB
Progress (2): 39 kB | 24 kB
Progress (2): 42 kB | 24 kB
Progress (2): 42 kB | 28 kB
Progress (2): 42 kB | 33 kB
Progress (2): 47 kB | 33 kB
Progress (2): 47 kB | 37 kB
Progress (2): 51 kB | 37 kB
Progress (2): 51 kB | 37 kB
Progress (2): 55 kB | 37 kB
Progress (2): 57 kB | 37 kB
Progress (2): 61 kB | 37 kB
Progress (2): 64 kB | 37 kB
Progress (2): 67 kB | 37 kB
Progress (2): 69 kB | 37 kB
Progress (2): 73 kB | 37 kB
Progress (2): 77 kB | 37 kB
Progress (2): 81 kB | 37 kB
Progress (2): 85 kB | 37 kB
Progress (2): 89 kB | 37 kB
Progress (2): 93 kB | 37 kB
Progress (2): 98 kB | 37 kB
Progress (2): 102 kB | 37 kB
Progress (2): 106 kB | 37 kB
Progress (2): 110 kB | 37 kB
Progress (2): 114 kB | 37 kB
Progress (3): 114 kB | 37 kB | 4.0 kB
Progress (3): 114 kB | 37 kB | 8.1 kB
Progress (3): 114 kB | 37 kB | 12 kB 
Progress (3): 114 kB | 37 kB | 16 kB
Progress (3): 114 kB | 37 kB | 19 kB
Progress (3): 114 kB | 37 kB | 22 kB
Progress (3): 118 kB | 37 kB | 22 kB
Progress (3): 118 kB | 37 kB | 26 kB
Progress (3): 118 kB | 37 kB | 30 kB
Progress (3): 118 kB | 37 kB | 34 kB
Progress (3): 122 kB | 37 kB | 34 kB
Progress (3): 126 kB | 37 kB | 34 kB
Progress (3): 126 kB | 37 kB | 39 kB
Progress (3): 126 kB | 37 kB | 43 kB
Progress (3): 126 kB | 37 kB | 47 kB
Progress (3): 126 kB | 37 kB | 51 kB
Progress (3): 126 kB | 37 kB | 55 kB
Progress (3): 126 kB | 37 kB | 59 kB
Progress (3): 129 kB | 37 kB | 59 kB
Progress (3): 129 kB | 37 kB | 63 kB
Progress (3): 129 kB | 37 kB | 67 kB
Progress (3): 129 kB | 37 kB | 71 kB
Progress (3): 129 kB | 37 kB | 75 kB
Progress (3): 129 kB | 37 kB | 79 kB
Progress (3): 129 kB | 37 kB | 84 kB
Progress (3): 129 kB | 37 kB | 88 kB
Progress (3): 129 kB | 37 kB | 92 kB
Progress (3): 129 kB | 37 kB | 96 kB
Progress (3): 129 kB | 37 kB | 100 kB
Progress (3): 129 kB | 37 kB | 104 kB
Progress (3): 129 kB | 37 kB | 108 kB
Progress (3): 129 kB | 37 kB | 112 kB
Progress (3): 129 kB | 37 kB | 116 kB
Progress (3): 129 kB | 37 kB | 120 kB
Progress (3): 129 kB | 37 kB | 125 kB
Progress (3): 129 kB | 37 kB | 129 kB
Progress (3): 129 kB | 37 kB | 133 kB
Progress (3): 129 kB | 37 kB | 137 kB
Progress (3): 129 kB | 37 kB | 141 kB
Progress (4): 129 kB | 37 kB | 141 kB | 2.6 kB
Progress (4): 129 kB | 37 kB | 145 kB | 2.6 kB
Progress (4): 129 kB | 37 kB | 149 kB | 2.6 kB
Progress (4): 129 kB | 37 kB | 149 kB | 6.7 kB
Progress (4): 129 kB | 37 kB | 149 kB | 11 kB 
Progress (4): 129 kB | 37 kB | 153 kB | 11 kB
Progress (4): 129 kB | 37 kB | 157 kB | 11 kB
Progress (4): 129 kB | 37 kB | 161 kB | 11 kB
Progress (4): 129 kB | 37 kB | 166 kB | 11 kB
Progress (4): 129 kB | 37 kB | 170 kB | 11 kB
                                             
Downloaded from aiban-tianyin-core: https://aiban-maven.pkg.coding.net/repository/tianyin/core/com/google/zxing/javase/3.5.0/javase-3.5.0.jar (37 kB at 70 kB/s)
Progress (3): 129 kB | 170 kB | 14 kB
Progress (3): 129 kB | 170 kB | 17 kB
Progress (3): 129 kB | 170 kB | 21 kB
Progress (3): 129 kB | 170 kB | 23 kB
Progress (3): 129 kB | 174 kB | 23 kB
Progress (3): 129 kB | 174 kB | 28 kB
Progress (3): 129 kB | 174 kB | 32 kB
Progress (3): 129 kB | 178 kB | 32 kB
Progress (3): 129 kB | 182 kB | 32 kB
Progress (3): 129 kB | 186 kB | 32 kB
Progress (3): 129 kB | 190 kB | 32 kB
Progress (3): 129 kB | 190 kB | 36 kB
Progress (3): 129 kB | 194 kB | 36 kB
Progress (3): 129 kB | 194 kB | 39 kB
Progress (3): 129 kB | 198 kB | 39 kB
Progress (3): 129 kB | 198 kB | 43 kB
Progress (3): 129 kB | 198 kB | 47 kB
Progress (3): 129 kB | 198 kB | 51 kB
Progress (3): 129 kB | 202 kB | 51 kB
Progress (3): 129 kB | 202 kB | 55 kB
Progress (3): 129 kB | 206 kB | 55 kB
Progress (3): 129 kB | 211 kB | 55 kB
Progress (3): 129 kB | 215 kB | 55 kB
Progress (3): 129 kB | 219 kB | 55 kB
Progress (3): 129 kB | 223 kB | 55 kB
Progress (3): 129 kB | 227 kB | 55 kB
Progress (3): 129 kB | 231 kB | 55 kB
Progress (3): 129 kB | 235 kB | 55 kB
Progress (3): 129 kB | 239 kB | 55 kB
Progress (3): 129 kB | 243 kB | 55 kB
Progress (3): 129 kB | 247 kB | 55 kB
Progress (3): 129 kB | 252 kB | 55 kB
Progress (3): 129 kB | 256 kB | 55 kB
Progress (3): 129 kB | 260 kB | 55 kB
Progress (3): 129 kB | 264 kB | 55 kB
Progress (3): 129 kB | 268 kB | 55 kB
Progress (3): 129 kB | 272 kB | 55 kB
Progress (3): 129 kB | 276 kB | 55 kB
Progress (3): 129 kB | 280 kB | 55 kB
Progress (3): 129 kB | 284 kB | 55 kB
Progress (3): 129 kB | 288 kB | 55 kB
Progress (3): 129 kB | 292 kB | 55 kB
Progress (3): 129 kB | 297 kB | 55 kB
Progress (3): 129 kB | 301 kB | 55 kB
Progress (3): 129 kB | 305 kB | 55 kB
Progress (3): 129 kB | 309 kB | 55 kB
Progress (3): 129 kB | 313 kB | 55 kB
Progress (3): 129 kB | 313 kB | 60 kB
Progress (3): 129 kB | 313 kB | 64 kB
Progress (3): 129 kB | 313 kB | 68 kB
Progress (3): 129 kB | 313 kB | 71 kB
Progress (3): 129 kB | 313 kB | 75 kB
Progress (3): 129 kB | 313 kB | 80 kB
Progress (3): 129 kB | 313 kB | 84 kB
Progress (3): 129 kB | 313 kB | 88 kB
Progress (3): 129 kB | 313 kB | 92 kB
Progress (3): 129 kB | 313 kB | 96 kB
Progress (3): 129 kB | 317 kB | 96 kB
Progress (3): 129 kB | 321 kB | 96 kB
Progress (3): 129 kB | 321 kB | 100 kB
Progress (3): 129 kB | 321 kB | 104 kB
Progress (3): 129 kB | 321 kB | 108 kB
Progress (3): 129 kB | 321 kB | 112 kB
Progress (3): 129 kB | 321 kB | 116 kB
Progress (3): 129 kB | 325 kB | 116 kB
Progress (3): 129 kB | 329 kB | 116 kB
Progress (3): 129 kB | 333 kB | 116 kB
Progress (3): 129 kB | 338 kB | 116 kB
Progress (3): 129 kB | 342 kB | 116 kB
Progress (3): 129 kB | 346 kB | 116 kB
Progress (3): 129 kB | 350 kB | 116 kB
Progress (3): 129 kB | 354 kB | 116 kB
Progress (3): 129 kB | 358 kB | 116 kB
Progress (3): 129 kB | 362 kB | 116 kB
Progress (3): 129 kB | 366 kB | 116 kB
Progress (3): 129 kB | 370 kB | 116 kB
Progress (3): 129 kB | 374 kB | 116 kB
Progress (3): 129 kB | 378 kB | 116 kB
Progress (3): 129 kB | 383 kB | 116 kB
Progress (3): 129 kB | 387 kB | 116 kB
Progress (3): 129 kB | 391 kB | 116 kB
Progress (3): 129 kB | 395 kB | 116 kB
Progress (3): 129 kB | 399 kB | 116 kB
Progress (3): 129 kB | 403 kB | 116 kB
Progress (3): 129 kB | 407 kB | 116 kB
Progress (3): 129 kB | 411 kB | 116 kB
Progress (3): 129 kB | 415 kB | 116 kB
Progress (3): 129 kB | 419 kB | 116 kB
Progress (3): 129 kB | 424 kB | 116 kB
Progress (3): 129 kB | 428 kB | 116 kB
Progress (3): 129 kB | 432 kB | 116 kB
Progress (3): 129 kB | 436 kB | 116 kB
Progress (3): 129 kB | 440 kB | 116 kB
Progress (3): 129 kB | 444 kB | 116 kB
Progress (3): 129 kB | 448 kB | 116 kB
Progress (3): 129 kB | 452 kB | 116 kB
Progress (3): 129 kB | 456 kB | 116 kB
Progress (3): 129 kB | 460 kB | 116 kB
Progress (3): 129 kB | 465 kB | 116 kB
Progress (3): 129 kB | 469 kB | 116 kB
Progress (3): 129 kB | 473 kB | 116 kB
Progress (3): 129 kB | 477 kB | 116 kB
Progress (3): 129 kB | 481 kB | 116 kB
Progress (3): 129 kB | 485 kB | 116 kB
Progress (3): 129 kB | 489 kB | 116 kB
Progress (3): 129 kB | 493 kB | 116 kB
Progress (3): 129 kB | 497 kB | 116 kB
Progress (3): 129 kB | 501 kB | 116 kB
Progress (3): 129 kB | 505 kB | 116 kB
Progress (3): 129 kB | 510 kB | 116 kB
Progress (3): 129 kB | 514 kB | 116 kB
Progress (3): 129 kB | 518 kB | 116 kB
Progress (3): 129 kB | 522 kB | 116 kB
Progress (3): 129 kB | 526 kB | 116 kB
Progress (3): 129 kB | 530 kB | 116 kB
Progress (3): 129 kB | 534 kB | 116 kB
Progress (3): 129 kB | 538 kB | 116 kB
Progress (3): 129 kB | 542 kB | 116 kB
Progress (3): 129 kB | 546 kB | 116 kB
Progress (3): 129 kB | 551 kB | 116 kB
Progress (3): 129 kB | 555 kB | 116 kB
Progress (3): 129 kB | 559 kB | 116 kB
Progress (3): 129 kB | 563 kB | 116 kB
Progress (3): 129 kB | 567 kB | 116 kB
Progress (3): 129 kB | 571 kB | 116 kB
Progress (3): 129 kB | 575 kB | 116 kB
Progress (3): 129 kB | 579 kB | 116 kB
Progress (3): 129 kB | 583 kB | 116 kB
Progress (3): 129 kB | 587 kB | 116 kB
Progress (3): 129 kB | 591 kB | 116 kB
Progress (3): 129 kB | 596 kB | 116 kB
Progress (3): 129 kB | 600 kB | 116 kB
Progress (3): 129 kB | 602 kB | 116 kB
                                      
Downloaded from aiban-tianyin-core: https://aiban-maven.pkg.coding.net/repository/tianyin/core/org/apache/commons/commons-text/1.1/commons-text-1.1.jar (129 kB at 203 kB/s)
Downloaded from aiban-tianyin-core: https://aiban-maven.pkg.coding.net/repository/tianyin/core/com/google/zxing/core/3.5.0/core-3.5.0.jar (602 kB at 792 kB/s)
Downloaded from aiban-tianyin-core: https://aiban-maven.pkg.coding.net/repository/tianyin/core/net/coobird/thumbnailator/0.4.17/thumbnailator-0.4.17.jar (116 kB at 151 kB/s)
[[1;34mINFO[m] 
[[1;34mINFO[m] [1m--- [0;32mmaven-clean-plugin:3.1.0:clean[m [1m(default-clean)[m @ [36mzxing-spring-boot-starter[0;1m ---[m
[[1;34mINFO[m] 
[[1;34mINFO[m] [1m--- [0;32mmaven-enforcer-plugin:3.0.0:enforce[m [1m(default-cli)[m @ [36mzxing-spring-boot-starter[0;1m ---[m
[[1;34mINFO[m] 
[[1;34mINFO[m] [1m--- [0;32mmaven-resources-plugin:3.1.0:resources[m [1m(default-resources)[m @ [36mzxing-spring-boot-starter[0;1m ---[m
[[1;34mINFO[m] Using 'UTF-8' encoding to copy filtered resources.
[[1;34mINFO[m] Copying 0 resource
[[1;34mINFO[m] Copying 2 resources
[[1;34mINFO[m] 
[[1;34mINFO[m] [1m--- [0;32mmaven-compiler-plugin:3.8.1:compile[m [1m(default-compile)[m @ [36mzxing-spring-boot-starter[0;1m ---[m
[[1;34mINFO[m] Changes detected - recompiling the module!
[[1;34mINFO[m] Compiling 11 source files to /Users/wandl/workspaces/workspace-ddd4j/workspace-ddd4j-boot-starters/zxing-spring-boot-starter/target/classes
[[1;34mINFO[m] 
[[1;34mINFO[m] [1m--- [0;32mmaven-resources-plugin:3.1.0:testResources[m [1m(default-testResources)[m @ [36mzxing-spring-boot-starter[0;1m ---[m
[[1;34mINFO[m] Not copying test resources
[[1;34mINFO[m] 
[[1;34mINFO[m] [1m--- [0;32mmaven-compiler-plugin:3.8.1:testCompile[m [1m(default-testCompile)[m @ [36mzxing-spring-boot-starter[0;1m ---[m
[[1;34mINFO[m] Not compiling test sources
[[1;34mINFO[m] 
[[1;34mINFO[m] [1m--- [0;32mmaven-surefire-plugin:2.22.1:test[m [1m(default-test)[m @ [36mzxing-spring-boot-starter[0;1m ---[m
[[1;34mINFO[m] Tests are skipped.
[[1;34mINFO[m] 
[[1;34mINFO[m] [1m--- [0;32mmaven-jar-plugin:3.1.1:jar[m [1m(default-jar)[m @ [36mzxing-spring-boot-starter[0;1m ---[m
[[1;34mINFO[m] Building jar: /Users/wandl/workspaces/workspace-ddd4j/workspace-ddd4j-boot-starters/zxing-spring-boot-starter/target/zxing-spring-boot-starter-2.0.1-SNAPSHOT.jar
[[1;34mINFO[m] 
[[1;34mINFO[m] [1m--- [0;32mmaven-source-plugin:3.2.1:jar-no-fork[m [1m(attach-sources)[m @ [36mzxing-spring-boot-starter[0;1m ---[m
[[1;34mINFO[m] Building jar: /Users/wandl/workspaces/workspace-ddd4j/workspace-ddd4j-boot-starters/zxing-spring-boot-starter/target/zxing-spring-boot-starter-2.0.1-SNAPSHOT-sources.jar
[[1;34mINFO[m] 
[[1;34mINFO[m] [1m--- [0;32mmaven-install-plugin:2.5.2:install[m [1m(default-install)[m @ [36mzxing-spring-boot-starter[0;1m ---[m
[[1;34mINFO[m] Installing /Users/wandl/workspaces/workspace-ddd4j/workspace-ddd4j-boot-starters/zxing-spring-boot-starter/target/zxing-spring-boot-starter-2.0.1-SNAPSHOT.jar to /Users/wandl/.m2/repository/com/github/hiwepy/zxing-spring-boot-starter/2.0.1-SNAPSHOT/zxing-spring-boot-starter-2.0.1-SNAPSHOT.jar
[[1;34mINFO[m] Installing /Users/wandl/workspaces/workspace-ddd4j/workspace-ddd4j-boot-starters/zxing-spring-boot-starter/pom.xml to /Users/wandl/.m2/repository/com/github/hiwepy/zxing-spring-boot-starter/2.0.1-SNAPSHOT/zxing-spring-boot-starter-2.0.1-SNAPSHOT.pom
[[1;34mINFO[m] Installing /Users/wandl/workspaces/workspace-ddd4j/workspace-ddd4j-boot-starters/zxing-spring-boot-starter/target/zxing-spring-boot-starter-2.0.1-SNAPSHOT-sources.jar to /Users/wandl/.m2/repository/com/github/hiwepy/zxing-spring-boot-starter/2.0.1-SNAPSHOT/zxing-spring-boot-starter-2.0.1-SNAPSHOT-sources.jar
[[1;34mINFO[m] 
[[1;34mINFO[m] [1m--- [0;32mmaven-deploy-plugin:2.8.2:deploy[m [1m(default-deploy)[m @ [36mzxing-spring-boot-starter[0;1m ---[m
[[1;34mINFO[m] Using alternate deployment repository maven-snapshots::default::https://packages.aliyun.com/5fdc0afd99b59ba3c5ead757/maven/maven-snapshots
Downloading from maven-snapshots: https://packages.aliyun.com/5fdc0afd99b59ba3c5ead757/maven/maven-snapshots/com/github/hiwepy/zxing-spring-boot-starter/2.0.1-SNAPSHOT/maven-metadata.xml
Uploading to maven-snapshots: https://packages.aliyun.com/5fdc0afd99b59ba3c5ead757/maven/maven-snapshots/com/github/hiwepy/zxing-spring-boot-starter/2.0.1-SNAPSHOT/zxing-spring-boot-starter-2.0.1-20260316.062257-1.jar
Progress (1): 4.1/27 kB
Progress (1): 8.2/27 kB
Progress (1): 12/27 kB 
Progress (1): 16/27 kB
Progress (1): 20/27 kB
Progress (1): 25/27 kB
Progress (1): 27 kB   
                   
Uploaded to maven-snapshots: https://packages.aliyun.com/5fdc0afd99b59ba3c5ead757/maven/maven-snapshots/com/github/hiwepy/zxing-spring-boot-starter/2.0.1-SNAPSHOT/zxing-spring-boot-starter-2.0.1-20260316.062257-1.jar (27 kB at 20 kB/s)
Uploading to maven-snapshots: https://packages.aliyun.com/5fdc0afd99b59ba3c5ead757/maven/maven-snapshots/com/github/hiwepy/zxing-spring-boot-starter/2.0.1-SNAPSHOT/zxing-spring-boot-starter-2.0.1-20260316.062257-1.pom
Progress (1): 4.1/18 kB
Progress (1): 8.2/18 kB
Progress (1): 12/18 kB 
Progress (1): 16/18 kB
Progress (1): 18 kB   
                   
Uploaded to maven-snapshots: https://packages.aliyun.com/5fdc0afd99b59ba3c5ead757/maven/maven-snapshots/com/github/hiwepy/zxing-spring-boot-starter/2.0.1-SNAPSHOT/zxing-spring-boot-starter-2.0.1-20260316.062257-1.pom (18 kB at 9.2 kB/s)
Downloading from maven-snapshots: https://packages.aliyun.com/5fdc0afd99b59ba3c5ead757/maven/maven-snapshots/com/github/hiwepy/zxing-spring-boot-starter/maven-metadata.xml
Uploading to maven-snapshots: https://packages.aliyun.com/5fdc0afd99b59ba3c5ead757/maven/maven-snapshots/com/github/hiwepy/zxing-spring-boot-starter/2.0.1-SNAPSHOT/maven-metadata.xml
Progress (1): 792 B
                   
Uploaded to maven-snapshots: https://packages.aliyun.com/5fdc0afd99b59ba3c5ead757/maven/maven-snapshots/com/github/hiwepy/zxing-spring-boot-starter/2.0.1-SNAPSHOT/maven-metadata.xml (792 B at 656 B/s)
Uploading to maven-snapshots: https://packages.aliyun.com/5fdc0afd99b59ba3c5ead757/maven/maven-snapshots/com/github/hiwepy/zxing-spring-boot-starter/maven-metadata.xml
Progress (1): 302 B
                   
Uploaded to maven-snapshots: https://packages.aliyun.com/5fdc0afd99b59ba3c5ead757/maven/maven-snapshots/com/github/hiwepy/zxing-spring-boot-starter/maven-metadata.xml (302 B at 324 B/s)
Uploading to maven-snapshots: https://packages.aliyun.com/5fdc0afd99b59ba3c5ead757/maven/maven-snapshots/com/github/hiwepy/zxing-spring-boot-starter/2.0.1-SNAPSHOT/zxing-spring-boot-starter-2.0.1-20260316.062257-1-sources.jar
Progress (1): 4.1/24 kB
Progress (1): 8.2/24 kB
Progress (1): 12/24 kB 
Progress (1): 16/24 kB
Progress (1): 20/24 kB
Progress (1): 24 kB   
                   
Uploaded to maven-snapshots: https://packages.aliyun.com/5fdc0afd99b59ba3c5ead757/maven/maven-snapshots/com/github/hiwepy/zxing-spring-boot-starter/2.0.1-SNAPSHOT/zxing-spring-boot-starter-2.0.1-20260316.062257-1-sources.jar (24 kB at 21 kB/s)
Uploading to maven-snapshots: https://packages.aliyun.com/5fdc0afd99b59ba3c5ead757/maven/maven-snapshots/com/github/hiwepy/zxing-spring-boot-starter/2.0.1-SNAPSHOT/maven-metadata.xml
Progress (1): 1.0 kB
                    
Uploaded to maven-snapshots: https://packages.aliyun.com/5fdc0afd99b59ba3c5ead757/maven/maven-snapshots/com/github/hiwepy/zxing-spring-boot-starter/2.0.1-SNAPSHOT/maven-metadata.xml (1.0 kB at 1.1 kB/s)
[[1;34mINFO[m] [1m------------------------------------------------------------------------[m
[[1;34mINFO[m] [1;32mBUILD SUCCESS[m
[[1;34mINFO[m] [1m------------------------------------------------------------------------[m
[[1;34mINFO[m] Total time:  17.324 s
[[1;34mINFO[m] Finished at: 2026-03-16T14:23:05+08:00
[[1;34mINFO[m] [1m------------------------------------------------------------------------[m
[zxing-spring-boot-starter/master] 成功
